ei_classifier_porting.cpp:33:40:EI_IMPULSE_ERROR ei_run_impulse_check_canceled()	0	static
ei_classifier_porting.cpp:37:40:EI_IMPULSE_ERROR ei_sleep(int32_t)	8	static
ei_classifier_porting.cpp:42:10:uint64_t ei_read_timer_ms()	8	static
ei_classifier_porting.cpp:46:10:uint64_t ei_read_timer_us()	8	static
ei_classifier_porting.cpp:50:28:)	16	static
ei_classifier_porting.cpp:57:28:void ei_printf_float(float)	80	static
ei_classifier_porting.cpp:103:29:void* ei_malloc(size_t)	0	static
ei_classifier_porting.cpp:107:29:void* ei_calloc(size_t, size_t)	0	static
ei_classifier_porting.cpp:111:28:void ei_free(void*)	0	static
ei_classifier_porting.cpp:118:28:void DebugLog(const char*)	8	static
